// Jest Snapshot v1, https://goo.gl/fbAQLP

exports[`<GifItem/> Component Testing Should match with the snapshot 1`] = `
<div>
  <div
    class="card"
  >
    <img
      alt="title"
      src="http://localhost/url"
    />
    <p>
      title
    </p>
  </div>
</div>
`;
